SET
SET
SET
SET
SET
SET
 set_config 
------------
 
(1 row)

SET
SET
SET
SET
COPY 4
COPY 44
COPY 1
COPY 2
COPY 23
COPY 3
COPY 45
COPY 3997
COPY 15
COPY 2990
COPY 0
COPY 2
COPY 7426
COPY 0
COPY 2
COPY 0
COPY 5
COPY 208
COPY 1
COPY 0
COPY 1
COPY 8
COPY 0
COPY 0
COPY 0
COPY 0
COPY 0
COPY 3
COPY 13
COPY 0
COPY 2951
COPY 0
COPY 0
COPY 0
COPY 5
COPY 1
COPY 872
COPY 2
COPY 7036
COPY 4559
COPY 93
COPY 3
COPY 3
COPY 0
COPY 7
COPY 0
COPY 11
COPY 78
COPY 4
COPY 7
COPY 1
COPY 25
COPY 2
COPY 1
COPY 1
COPY 1
COPY 1
COPY 9
COPY 4
COPY 5
COPY 151
 setval 
--------
      3
(1 row)

